#-----------------------------------------------------------
# Vivado v2020.1 (64-bit)
# SW Build 2902540 on Wed May 27 19:54:35 MDT 2020
# IP Build 2902112 on Wed May 27 22:43:36 MDT 2020
# Start of session at: Wed Sep 20 09:19:48 2023
# Process ID: 1419081
# Current directory: /home/kristiaanpelckmans/Downloads/dev4/fw/prj/dev4_dwc8vm1/dev4_dwc8vm1.runs/sis8300ku_bsp_system_axi_interconnect_reg_0_synth_1
# Command line: vivado -log sis8300ku_bsp_system_axi_interconnect_reg_0.vds -product Vivado -mode batch -messageDb vivado.pb -notrace -source sis8300ku_bsp_system_axi_interconnect_reg_0.tcl
# Log file: /home/kristiaanpelckmans/Downloads/dev4/fw/prj/dev4_dwc8vm1/dev4_dwc8vm1.runs/sis8300ku_bsp_system_axi_interconnect_reg_0_synth_1/sis8300ku_bsp_system_axi_interconnect_reg_0.vds
# Journal file: /home/kristiaanpelckmans/Downloads/dev4/fw/prj/dev4_dwc8vm1/dev4_dwc8vm1.runs/sis8300ku_bsp_system_axi_interconnect_reg_0_synth_1/vivado.jou
#-----------------------------------------------------------
source sis8300ku_bsp_system_axi_interconnect_reg_0.tcl -notrace
